// Jest Snapshot v1, https://goo.gl/fbAQLP

exports[`Renders Keyboard unchanged 1`] = `
<div>
  <section
    class="c-duVVBN"
  >
    <button
      class="c-diLMKw"
      type="button"
    >
      <span
        class="c-jgiWaE"
      >
        1
      </span>
      <span
        class="c-EDrvg"
      />
    </button>
    <button
      class="c-diLMKw"
      type="button"
    >
      <span
        class="c-jgiWaE"
      >
        2
      </span>
      <span
        class="c-EDrvg"
      >
        ABC
      </span>
    </button>
    <button
      class="c-diLMKw"
      type="button"
    >
      <span
        class="c-jgiWaE"
      >
        3
      </span>
      <span
        class="c-EDrvg"
      >
        DEF
      </span>
    </button>
    <button
      class="c-diLMKw"
      type="button"
    >
      <span
        class="c-jgiWaE"
      >
        4
      </span>
      <span
        class="c-EDrvg"
      >
        GHI
      </span>
    </button>
    <button
      class="c-diLMKw"
      type="button"
    >
      <span
        class="c-jgiWaE"
      >
        5
      </span>
      <span
        class="c-EDrvg"
      >
        JKL
      </span>
    </button>
    <button
      class="c-diLMKw"
      type="button"
    >
      <span
        class="c-jgiWaE"
      >
        6
      </span>
      <span
        class="c-EDrvg"
      >
        MNO
      </span>
    </button>
    <button
      class="c-diLMKw"
      type="button"
    >
      <span
        class="c-jgiWaE"
      >
        7
      </span>
      <span
        class="c-EDrvg"
      >
        PQRS
      </span>
    </button>
    <button
      class="c-diLMKw"
      type="button"
    >
      <span
        class="c-jgiWaE"
      >
        8
      </span>
      <span
        class="c-EDrvg"
      >
        TUV
      </span>
    </button>
    <button
      class="c-diLMKw"
      type="button"
    >
      <span
        class="c-jgiWaE"
      >
        9
      </span>
      <span
        class="c-EDrvg"
      >
        WXYZ
      </span>
    </button>
    <button
      class="c-diLMKw"
      type="button"
    >
      <span
        class="c-jgiWaE"
      >
        0
      </span>
      <span
        class="c-EDrvg"
      >
        +
      </span>
    </button>
  </section>
</div>
`;
